src/components/AppInner.tsx(15,19): error TS6133: 'setActivePageId' is declared but its value is never read.
src/components/AppInner.tsx(16,17): error TS6133: 'createPage' is declared but its value is never read.
src/components/AppInner.tsx(17,18): error TS6133: 'openModal' is declared but its value is never read.
src/components/editor/Block.tsx(2,18): error TS6133: 'AnimatePresence' is declared but its value is never read.
src/components/editor/BlockEditor.tsx(6,1): error TS6133: 'Spinner' is declared but its value is never read.
src/components/editor/blocks/BlockComponents.tsx(2,34): error TS2307: Cannot find module '../../types' or its corresponding type declarations.
src/components/editor/blocks/BlockComponents.tsx(58,80): error TS6133: 'placeholder' is declared but its value is never read.
src/components/editor/blocks/BlockComponents.tsx(94,16): error TS7006: Parameter 'e' implicitly has an 'any' type.
src/components/editor/blocks/BlockComponents.tsx(95,18): error TS7006: Parameter 'e' implicitly has an 'any' type.
src/components/modals/SearchModal.tsx(6,49): error TS6133: 'COLLECTION_ID_BLOCKS' is declared but its value is never read.
src/components/modals/SettingsModal.tsx(1,1): error TS6192: All imports in import declaration are unused.
src/components/modals/SettingsModal.tsx(2,10): error TS6133: 'User' is declared but its value is never read.
src/components/modals/SettingsModal.tsx(2,27): error TS6133: 'Type' is declared but its value is never read.
src/components/modals/SettingsModal.tsx(2,33): error TS6133: 'Maximize2' is declared but its value is never read.
src/components/sidebar/Sidebar.tsx(11,18): error TS6133: 'activePageId' is declared but its value is never read.
src/components/sidebar/Sidebar.tsx(64,9): error TS6133: 'highlight' is declared but its value is never read.
src/components/sidebar/SidebarItem.tsx(30,51): error TS6133: 'setActivePageId' is declared but its value is never read.
src/components/workspace/PageHeader.tsx(1,10): error TS2300: Duplicate identifier 'useState'.
src/components/workspace/PageHeader.tsx(2,1): error TS6133: 'useApp' is declared but its value is never read.
src/components/workspace/PageHeader.tsx(94,10): error TS2300: Duplicate identifier 'useState'.
